// Jest Snapshot v1, https://goo.gl/fbAQLP

exports[`<Home /> should match the snapshot be 1`] = `
.c1 {
  -webkit-align-items: center;
  -webkit-box-align: center;
  -ms-flex-align: center;
  align-items: center;
  border-radius: 0.25rem;
  color: #373a3c;
  display: -webkit-box;
  display: -webkit-flex;
  display: -ms-flexbox;
  display: flex;
  height: 3rem;
  -webkit-box-pack: center;
  -webkit-justify-content: center;
  -ms-flex-pack: center;
  justify-content: center;
  position: relative;
  width: 8rem;
}

.c2 {
  display: -webkit-box;
  display: -webkit-flex;
  display: -ms-flexbox;
  display: flex;
  -webkit-flex-wrap: wrap;
  -ms-flex-wrap: wrap;
  flex-wrap: wrap;
}

.c0 {
  background-color: #f3f3f3;
  display: -webkit-box;
  display: -webkit-flex;
  display: -ms-flexbox;
  display: flex;
  -webkit-flex-direction: column;
  -ms-flex-direction: column;
  flex-direction: column;
  -webkit-flex-wrap: wrap;
  -ms-flex-wrap: wrap;
  flex-wrap: wrap;
  height: -webkit-fit-content;
  height: -moz-fit-content;
  height: fit-content;
  margin-right: 3rem;
  max-width: 20rem;
  padding-bottom: 2rem;
}

@media (max-width:34.375rem) {
  .c0 {
    margin: 0 auto;
    width: 100%;
  }
}

<div
  className="c0"
>
  <div
    className="c1"
  >
    Popular Tags
  </div>
  <div
    className="c2"
  />
</div>
`;
