// Jest Snapshot v1, https://goo.gl/fbAQLP

exports[`<Home /> should match the snapshot 1`] = `
.c11 {
  -webkit-align-items: center;
  -webkit-box-align: center;
  -ms-flex-align: center;
  align-items: center;
  border-radius: 0.25rem;
  color: #373a3c;
  display: -webkit-box;
  display: -webkit-flex;
  display: -ms-flexbox;
  display: flex;
  height: 3rem;
  -webkit-box-pack: center;
  -webkit-justify-content: center;
  -ms-flex-pack: center;
  justify-content: center;
  position: relative;
  width: 8rem;
}

.c12 {
  display: -webkit-box;
  display: -webkit-flex;
  display: -ms-flexbox;
  display: flex;
  -webkit-flex-wrap: wrap;
  -ms-flex-wrap: wrap;
  flex-wrap: wrap;
}

.c10 {
  background-color: #f3f3f3;
  display: -webkit-box;
  display: -webkit-flex;
  display: -ms-flexbox;
  display: flex;
  -webkit-flex-direction: column;
  -ms-flex-direction: column;
  flex-direction: column;
  -webkit-flex-wrap: wrap;
  -ms-flex-wrap: wrap;
  flex-wrap: wrap;
  height: -webkit-fit-content;
  height: -moz-fit-content;
  height: fit-content;
  margin-right: 3rem;
  max-width: 20rem;
  padding-bottom: 2rem;
}

.c9 {
  border: none;
  color: #2F3236;
  margin: 1rem 5rem;
}

.c8 {
  display: -webkit-box;
  display: -webkit-flex;
  display: -ms-flexbox;
  display: flex;
  -webkit-flex-direction: column;
  -ms-flex-direction: column;
  flex-direction: column;
}

.c1 {
  -webkit-align-items: center;
  -webkit-box-align: center;
  -ms-flex-align: center;
  align-items: center;
  background-color: #5cb85c;
  border: none;
  box-shadow: inset 0 0.5rem 0.5rem -0.5rem rgb(0 0 0 / 30%), inset 0 -0.5rem 0.5rem -0.5rem rgb(0 0 0 / 30%);
  color: #ffffff;
  display: -webkit-box;
  display: -webkit-flex;
  display: -ms-flexbox;
  display: flex;
  -webkit-flex-direction: column;
  -ms-flex-direction: column;
  flex-direction: column;
  margin-bottom: 2rem;
  padding-top: 0;
  padding: 1rem;
}

.c2 {
  font-size: 3.5rem;
  font-weight: 700;
  margin-bottom: 0.5rem;
  text-shadow: 0 0.063rem 0.188rem rgb(0 0 0 / 30%);
}

.c3 {
  font-size: 1.5rem;
  font-weight: 300;
  margin-bottom: 0;
  text-align: center;
}

.c0 {
  display: grid;
}

.c7 {
  border-bottom: 0.188rem solid #5cb85c;
  box-sizing: inherit;
  color: #5cb85c;
  cursor: default;
  margin-bottom: 0;
  margin-right: 0.5rem;
}

.c6 {
  display: -webkit-box;
  display: -webkit-flex;
  display: -ms-flexbox;
  display: flex;
  list-style: none;
  margin-bottom: 0;
  margin-left: 2.5rem;
}

.c4 {
  display: -webkit-box;
  display: -webkit-flex;
  display: -ms-flexbox;
  display: flex;
  -webkit-box-pack: justify;
  -webkit-justify-content: space-between;
  -ms-flex-pack: justify;
  justify-content: space-between;
}

.c5 {
  width: 100%;
}

@media (max-width:34.375rem) {
  .c10 {
    margin: 0 auto;
    width: 100%;
  }
}

@media (max-width:34.375rem) {
  .c4 {
    -webkit-flex-direction: column-reverse;
    -ms-flex-direction: column-reverse;
    flex-direction: column-reverse;
  }
}

<div
  className="c0"
>
  <div
    className="c1"
  >
    <h1
      className="c2"
    >
      conduit
    </h1>
    <p
      className="c3"
    >
      A place to share your knowledge.
    </p>
  </div>
  <div
    className="c4"
  >
    <div
      className="c5"
    >
      <ul
        className="c6"
      >
        <li
          className="c7"
        >
          Global Feed
        </li>
      </ul>
      <div
        className="c8"
      >
        <div
          className="c9"
        >
          No articles are here... yet.
        </div>
      </div>
    </div>
    <div
      className="c10"
    >
      <div
        className="c11"
      >
        Popular Tags
      </div>
      <div
        className="c12"
      />
    </div>
  </div>
</div>
`;
