// Jest Snapshot v1, https://goo.gl/fbAQLP

exports[`<NavBar /> should match the snapshot 1`] = `
.c0 {
  color: rgba(0,0,0,0.3);
  display: grid;
  grid-column-gap: 1rem;
  grid-template-columns: 3fr auto auto auto;
  margin: 1rem 7rem;
}

.c2 {
  color: #b8c3e0;
  -webkit-text-decoration: none;
  text-decoration: none;
}

.c2:hover {
  color: #404b59;
}

.c3 {
  background-image: url(MenuBar.svg);
  background-size: cover;
  cursor: pointer;
  height: 2.5rem;
  margin-right: 1.5rem;
  width: 2.5rem;
}

.c1 {
  color: #5cb85c;
  font-weight: 1000;
  -webkit-text-decoration: none;
  text-decoration: none;
}

@media (max-width:34.375rem) {
  .c0 {
    grid-template-columns: 3fr auto;
    margin: 1rem 0rem;
  }
}

@media (max-width:34.375rem) {
  .c2 {
    display: none;
  }
}

@media (min-width:34.438rem) {
  .c3 {
    display: none;
  }
}

@media (max-width:34.375rem) {
  .c1 {
    font-size: 1.5rem;
    margin-left: 2.5rem;
  }
}

<div
  className="c0"
>
  <a
    aria-current="page"
    className="c1 active"
    href="/"
    onClick={[Function]}
    style={Object {}}
  >
     Conduit 
  </a>
  <a
    aria-current={null}
    className="c2"
    href="/Home"
    onClick={[Function]}
  >
    Home
  </a>
  <a
    aria-current={null}
    className="c2"
    href="/SignIn"
    onClick={[Function]}
  >
    Sign in
  </a>
  <a
    aria-current={null}
    className="c2"
    href="/SignUp"
    onClick={[Function]}
  >
    Sign up
  </a>
  <div
    className="c3"
    onClick={[Function]}
  />
</div>
`;
