// Jest Snapshot v1, https://goo.gl/fbAQLP

exports[`<Home /> it match the snapshot be 1`] = `
.c1 {
  border: none;
  color: #2F3236;
  margin: 1rem 5rem;
}

.c0 {
  display: -webkit-box;
  display: -webkit-flex;
  display: -ms-flexbox;
  display: flex;
  -webkit-flex-direction: column;
  -ms-flex-direction: column;
  flex-direction: column;
}

<div
  className="c0"
>
  <div
    className="c1"
  >
    No articles are here... yet.
  </div>
</div>
`;
